python : 2026-04-14 20:19:18.714155: I tensorflow/core/util/port.cc:153] 
oneDNN custom operations are on. You may see slightly different numerical 
results due to floating-point round-off errors from different computation 
orders. To turn them off, set the environment variable 
`TF_ENABLE_ONEDNN_OPTS=0`.
At line:1 char:1
+ python test_frontend_request.py > test_output.txt 2>&1 ; cat test_out ...
+ ~~~~~~~~~~~~~~~~~~~~~~~~~~~~~~~~~~~~~~~~~~~~~~~~~~~~~~
    + CategoryInfo          : NotSpecified: (2026-04-14 20:1...ONEDNN_OPTS=0`. 
   :String) [], RemoteException
    + FullyQualifiedErrorId : NativeCommandError
 
2026-04-14 20:20:05.084049: I tensorflow/core/util/port.cc:153] oneDNN custom 
operations are on. You may see slightly different numerical results due to 
floating-point round-off errors from different computation orders. To turn 
them off, set the environment variable `TF_ENABLE_ONEDNN_OPTS=0`.
2026-04-14 20:20:16.662739: I 
tensorflow/core/platform/cpu_feature_guard.cc:210] This TensorFlow binary is 
optimized to use available CPU instructions in performance-critical operations.
To enable the following instructions: SSE3 SSE4.1 SSE4.2 AVX AVX2 AVX_VNNI 
FMA, in other operations, rebuild TensorFlow with the appropriate compiler 
flags.
[2026-04-14 20:20:45,694] ERROR in app: Exception on /api/models/predict [POST]
Traceback (most recent call last):
  File "C:\Users\shoai\ml-web-app\backend\models\orchestrator.py", line 80, in 
train_all_models
    print("[\u2713] All models trained successfully")
    ~~~~~^^^^^^^^^^^^^^^^^^^^^^^^^^^^^^^^^^^^^^^
  File "C:\Users\shoai\AppData\Local\Programs\Python\Python313\Lib\encodings\cp
1252.py", line 19, in encode
    return codecs.charmap_encode(input,self.errors,encoding_table)[0]
           ~~~~~~~~~~~~~~~~~~~~~^^^^^^^^^^^^^^^^^^^^^^^^^^^^^^^^^^
UnicodeEncodeError: 'charmap' codec can't encode character '\u2713' in 
position 1: character maps to <undefined>

During handling of the above exception, another exception occurred:

Traceback (most recent call last):
  File "C:\Users\shoai\ml-web-app\backend\routes\model_routes.py", line 235, 
in predict
    results = train_all_models(train_df, test_df, model_type=model_type)
  File "C:\Users\shoai\ml-web-app\backend\models\orchestrator.py", line 84, in 
train_all_models
    print(f"Error training models: {traceback.format_exc()}")
    ~~~~~^^^^^^^^^^^^^^^^^^^^^^^^^^^^^^^^^^^^^^^^^^^^^^^^^^^^
  File "C:\Users\shoai\AppData\Local\Programs\Python\Python313\Lib\encodings\cp
1252.py", line 19, in encode
    return codecs.charmap_encode(input,self.errors,encoding_table)[0]
           ~~~~~~~~~~~~~~~~~~~~~^^^^^^^^^^^^^^^^^^^^^^^^^^^^^^^^^^
UnicodeEncodeError: 'charmap' codec can't encode character '\u2713' in 
position 168: character maps to <undefined>

During handling of the above exception, another exception occurred:

Traceback (most recent call last):
  File "C:\Users\shoai\AppData\Local\Programs\Python\Python313\Lib\site-package
s\flask\app.py", line 1511, in wsgi_app
    response = self.full_dispatch_request()
  File "C:\Users\shoai\AppData\Local\Programs\Python\Python313\Lib\site-package
s\flask\app.py", line 919, in full_dispatch_request
    rv = self.handle_user_exception(e)
  File "C:\Users\shoai\AppData\Local\Programs\Python\Python313\Lib\site-package
s\flask_cors\extension.py", line 176, in wrapped_function
    return cors_after_request(app.make_response(f(*args, **kwargs)))
                                                ~^^^^^^^^^^^^^^^^^
  File "C:\Users\shoai\AppData\Local\Programs\Python\Python313\Lib\site-package
s\flask\app.py", line 917, in full_dispatch_request
    rv = self.dispatch_request()
  File "C:\Users\shoai\AppData\Local\Programs\Python\Python313\Lib\site-package
s\flask\app.py", line 902, in dispatch_request
    return self.ensure_sync(self.view_functions[rule.endpoint])(**view_args)  
# type: ignore[no-any-return]
           ~~~~~~~~~~~~~~~~~~~~~~~~~~~~~~~~~~~~~~~~~~~~~~~~~~~~^^^^^^^^^^^^^
  File "C:\Users\shoai\ml-web-app\backend\routes\model_routes.py", line 240, 
in predict
    print(f"Error in predict: {traceback.format_exc()}")
    ~~~~~^^^^^^^^^^^^^^^^^^^^^^^^^^^^^^^^^^^^^^^^^^^^^^^
  File "C:\Users\shoai\AppData\Local\Programs\Python\Python313\Lib\encodings\cp
1252.py", line 19, in encode
    return codecs.charmap_encode(input,self.errors,encoding_table)[0]
           ~~~~~~~~~~~~~~~~~~~~~^^^^^^^^^^^^^^^^^^^^^^^^^^^^^^^^^^
UnicodeEncodeError: 'charmap' codec can't encode character '\u2713' in 
position 163: character maps to <undefined>

=== SIMULATING FRONTEND REQUEST ===

POST to /api/models/predict with:
  - dataset_name: CV_DATASET.xlsx
  - model_type: all
  - test_file: <CSV data>

[*] Training ANN...
[*] Training Random Forest...
[*] Training XGBoost...
Traceback (most recent call last):
  File "C:\Users\shoai\ml-web-app\backend\models\orchestrator.py", line 80, in 
train_all_models
    print("[\u2713] All models trained successfully")
    ~~~~~^^^^^^^^^^^^^^^^^^^^^^^^^^^^^^^^^^^^^^^
  File "C:\Users\shoai\AppData\Local\Programs\Python\Python313\Lib\encodings\cp
1252.py", line 19, in encode
    return codecs.charmap_encode(input,self.errors,encoding_table)[0]
           ~~~~~~~~~~~~~~~~~~~~~^^^^^^^^^^^^^^^^^^^^^^^^^^^^^^^^^^
UnicodeEncodeError: 'charmap' codec can't encode character '\u2713' in 
position 1: character maps to <undefined>

During handling of the above exception, another exception occurred:

Traceback (most recent call last):
  File "C:\Users\shoai\ml-web-app\backend\routes\model_routes.py", line 235, 
in predict
    results = train_all_models(train_df, test_df, model_type=model_type)
  File "C:\Users\shoai\ml-web-app\backend\models\orchestrator.py", line 84, in 
train_all_models
    print(f"Error training models: {traceback.format_exc()}")
    ~~~~~^^^^^^^^^^^^^^^^^^^^^^^^^^^^^^^^^^^^^^^^^^^^^^^^^^^^
  File "C:\Users\shoai\AppData\Local\Programs\Python\Python313\Lib\encodings\cp
1252.py", line 19, in encode
    return codecs.charmap_encode(input,self.errors,encoding_table)[0]
           ~~~~~~~~~~~~~~~~~~~~~^^^^^^^^^^^^^^^^^^^^^^^^^^^^^^^^^^
UnicodeEncodeError: 'charmap' codec can't encode character '\u2713' in 
position 168: character maps to <undefined>

During handling of the above exception, another exception occurred:

Traceback (most recent call last):
  File "C:\Users\shoai\AppData\Local\Programs\Python\Python313\Lib\site-package
s\flask\app.py", line 1511, in wsgi_app
    response = self.full_dispatch_request()
  File "C:\Users\shoai\AppData\Local\Programs\Python\Python313\Lib\site-package
s\flask\app.py", line 919, in full_dispatch_request
    rv = self.handle_user_exception(e)
  File "C:\Users\shoai\AppData\Local\Programs\Python\Python313\Lib\site-package
s\flask_cors\extension.py", line 176, in wrapped_function
    return cors_after_request(app.make_response(f(*args, **kwargs)))
                                                ~^^^^^^^^^^^^^^^^^
  File "C:\Users\shoai\AppData\Local\Programs\Python\Python313\Lib\site-package
s\flask\app.py", line 917, in full_dispatch_request
    rv = self.dispatch_request()
  File "C:\Users\shoai\AppData\Local\Programs\Python\Python313\Lib\site-package
s\flask\app.py", line 902, in dispatch_request
    return self.ensure_sync(self.view_functions[rule.endpoint])(**view_args)  
# type: ignore[no-any-return]
           ~~~~~~~~~~~~~~~~~~~~~~~~~~~~~~~~~~~~~~~~~~~~~~~~~~~~^^^^^^^^^^^^^
  File "C:\Users\shoai\ml-web-app\backend\routes\model_routes.py", line 240, 
in predict
    print(f"Error in predict: {traceback.format_exc()}")
    ~~~~~^^^^^^^^^^^^^^^^^^^^^^^^^^^^^^^^^^^^^^^^^^^^^^^
  File "C:\Users\shoai\AppData\Local\Programs\Python\Python313\Lib\encodings\cp
1252.py", line 19, in encode
    return codecs.charmap_encode(input,self.errors,encoding_table)[0]
           ~~~~~~~~~~~~~~~~~~~~~^^^^^^^^^^^^^^^^^^^^^^^^^^^^^^^^^^
UnicodeEncodeError: 'charmap' codec can't encode character '\u2713' in 
position 163: character maps to <undefined>

During handling of the above exception, another exception occurred:

Traceback (most recent call last):
  File "C:\Users\shoai\ml-web-app\test_frontend_request.py", line 37, in 
<module>
    response = client.post(
        '/api/models/predict',
    ...<4 lines>...
        }
    )
  File "C:\Users\shoai\AppData\Local\Programs\Python\Python313\Lib\site-package
s\werkzeug\test.py", line 1167, in post
    return self.open(*args, **kw)
           ~~~~~~~~~^^^^^^^^^^^^^
  File "C:\Users\shoai\AppData\Local\Programs\Python\Python313\Lib\site-package
s\flask\testing.py", line 235, in open
    response = super().open(
        request,
        buffered=buffered,
        follow_redirects=follow_redirects,
    )
  File "C:\Users\shoai\AppData\Local\Programs\Python\Python313\Lib\site-package
s\werkzeug\test.py", line 1116, in open
    response_parts = self.run_wsgi_app(request.environ, buffered=buffered)
  File "C:\Users\shoai\AppData\Local\Programs\Python\Python313\Lib\site-package
s\werkzeug\test.py", line 988, in run_wsgi_app
    rv = run_wsgi_app(self.application, environ, buffered=buffered)
  File "C:\Users\shoai\AppData\Local\Programs\Python\Python313\Lib\site-package
s\werkzeug\test.py", line 1264, in run_wsgi_app
    app_rv = app(environ, start_response)
  File "C:\Users\shoai\AppData\Local\Programs\Python\Python313\Lib\site-package
s\flask\app.py", line 1536, in __call__
    return self.wsgi_app(environ, start_response)
           ~~~~~~~~~~~~~^^^^^^^^^^^^^^^^^^^^^^^^^
  File "C:\Users\shoai\AppData\Local\Programs\Python\Python313\Lib\site-package
s\flask\app.py", line 1514, in wsgi_app
    response = self.handle_exception(e)
  File "C:\Users\shoai\AppData\Local\Programs\Python\Python313\Lib\site-package
s\flask_cors\extension.py", line 176, in wrapped_function
    return cors_after_request(app.make_response(f(*args, **kwargs)))
                                                ~^^^^^^^^^^^^^^^^^
  File "C:\Users\shoai\AppData\Local\Programs\Python\Python313\Lib\site-package
s\flask\app.py", line 860, in handle_exception
    server_error = self.ensure_sync(handler)(server_error)
  File "C:\Users\shoai\ml-web-app\backend\main.py", line 95, in internal_error
    print(f"Server error: {traceback.format_exc()}")
    ~~~~~^^^^^^^^^^^^^^^^^^^^^^^^^^^^^^^^^^^^^^^^^^^
  File "C:\Users\shoai\AppData\Local\Programs\Python\Python313\Lib\encodings\cp
1252.py", line 19, in encode
    return codecs.charmap_encode(input,self.errors,encoding_table)[0]
           ~~~~~~~~~~~~~~~~~~~~~^^^^^^^^^^^^^^^^^^^^^^^^^^^^^^^^^^
UnicodeEncodeError: 'charmap' codec can't encode character '\u2713' in 
position 159: character maps to <undefined>
